Archive member included because of file (symbol)

f:/embedded system/avr/programs/imt_sdk_win_64/winavr/bin/../lib/gcc/avr/4.3.3/avr5\libgcc.a(_exit.o)
                              f:/embedded system/avr/programs/imt_sdk_win_64/winavr/bin/../lib/gcc/avr/4.3.3/../../../../avr/lib/avr5/crtm32.o (exit)

Memory Configuration

Name             Origin             Length             Attributes
text             0x00000000         0x00020000         xr
data             0x00800060         0x0000ffa0         rw !x
eeprom           0x00810000         0x00010000         rw !x
fuse             0x00820000         0x00000400         rw !x
lock             0x00830000         0x00000400         rw !x
signature        0x00840000         0x00000400         rw !x
*default*        0x00000000         0xffffffff

Linker script and memory map

LOAD f:/embedded system/avr/programs/imt_sdk_win_64/winavr/bin/../lib/gcc/avr/4.3.3/../../../../avr/lib/avr5/crtm32.o
LOAD ./MCAL/Timer/TIMER_program.o
LOAD ./MCAL/PORT/PORT_program.o
LOAD ./MCAL/INTERRUPT/interrupt_program.o
LOAD ./MCAL/GIE/GIE_programe.o
LOAD ./MCAL/DIO/DIO_program.o
LOAD ./HAL/LED/LED.o
LOAD ./HAL/BUTTON/BUTTON.o
LOAD ./APP/app.o
LOAD ./main.o
LOAD f:/embedded system/avr/programs/imt_sdk_win_64/winavr/bin/../lib/gcc/avr/4.3.3/avr5\libgcc.a
LOAD f:/embedded system/avr/programs/imt_sdk_win_64/winavr/bin/../lib/gcc/avr/4.3.3/../../../../avr/lib/avr5\libc.a
LOAD f:/embedded system/avr/programs/imt_sdk_win_64/winavr/bin/../lib/gcc/avr/4.3.3/avr5\libgcc.a

.hash
 *(.hash)

.dynsym
 *(.dynsym)

.dynstr
 *(.dynstr)

.gnu.version
 *(.gnu.version)

.gnu.version_d
 *(.gnu.version_d)

.gnu.version_r
 *(.gnu.version_r)

.rel.init
 *(.rel.init)

.rela.init
 *(.rela.init)

.rel.text
 *(.rel.text)
 *(.rel.text.*)
 *(.rel.gnu.linkonce.t*)

.rela.text
 *(.rela.text)
 *(.rela.text.*)
 *(.rela.gnu.linkonce.t*)

.rel.fini
 *(.rel.fini)

.rela.fini
 *(.rela.fini)

.rel.rodata
 *(.rel.rodata)
 *(.rel.rodata.*)
 *(.rel.gnu.linkonce.r*)

.rela.rodata
 *(.rela.rodata)
 *(.rela.rodata.*)
 *(.rela.gnu.linkonce.r*)

.rel.data
 *(.rel.data)
 *(.rel.data.*)
 *(.rel.gnu.linkonce.d*)

.rela.data
 *(.rela.data)
 *(.rela.data.*)
 *(.rela.gnu.linkonce.d*)

.rel.ctors
 *(.rel.ctors)

.rela.ctors
 *(.rela.ctors)

.rel.dtors
 *(.rel.dtors)

.rela.dtors
 *(.rela.dtors)

.rel.got
 *(.rel.got)

.rela.got
 *(.rela.got)

.rel.bss
 *(.rel.bss)

.rela.bss
 *(.rela.bss)

.rel.plt
 *(.rel.plt)

.rela.plt
 *(.rela.plt)

.text           0x00000000      0xb38
 *(.vectors)
 .vectors       0x00000000       0x54 f:/embedded system/avr/programs/imt_sdk_win_64/winavr/bin/../lib/gcc/avr/4.3.3/../../../../avr/lib/avr5/crtm32.o
                0x00000000                __vectors
                0x00000000                __vector_default
 *(.vectors)
 *(.progmem.gcc*)
 *(.progmem*)
                0x00000054                . = ALIGN (0x2)
                0x00000054                __trampolines_start = .
 *(.trampolines)
 .trampolines   0x00000054        0x0 linker stubs
 *(.trampolines*)
                0x00000054                __trampolines_end = .
 *(.jumptables)
 *(.jumptables*)
 *(.lowtext)
 *(.lowtext*)
                0x00000054                __ctors_start = .
 *(.ctors)
                0x00000054                __ctors_end = .
                0x00000054                __dtors_start = .
 *(.dtors)
                0x00000054                __dtors_end = .
 SORT(*)(.ctors)
 SORT(*)(.dtors)
 *(.init0)
 .init0         0x00000054        0x0 f:/embedded system/avr/programs/imt_sdk_win_64/winavr/bin/../lib/gcc/avr/4.3.3/../../../../avr/lib/avr5/crtm32.o
                0x00000054                __init
 *(.init0)
 *(.init1)
 *(.init1)
 *(.init2)
 .init2         0x00000054        0xc f:/embedded system/avr/programs/imt_sdk_win_64/winavr/bin/../lib/gcc/avr/4.3.3/../../../../avr/lib/avr5/crtm32.o
 *(.init2)
 *(.init3)
 *(.init3)
 *(.init4)
 *(.init4)
 *(.init5)
 *(.init5)
 *(.init6)
 *(.init6)
 *(.init7)
 *(.init7)
 *(.init8)
 *(.init8)
 *(.init9)
 .init9         0x00000060        0x8 f:/embedded system/avr/programs/imt_sdk_win_64/winavr/bin/../lib/gcc/avr/4.3.3/../../../../avr/lib/avr5/crtm32.o
 *(.init9)
 *(.text)
 .text          0x00000068        0x4 f:/embedded system/avr/programs/imt_sdk_win_64/winavr/bin/../lib/gcc/avr/4.3.3/../../../../avr/lib/avr5/crtm32.o
                0x00000068                __vector_12
                0x00000068                __bad_interrupt
                0x00000068                __vector_6
                0x00000068                __vector_3
                0x00000068                __vector_11
                0x00000068                __vector_13
                0x00000068                __vector_17
                0x00000068                __vector_19
                0x00000068                __vector_7
                0x00000068                __vector_5
                0x00000068                __vector_4
                0x00000068                __vector_9
                0x00000068                __vector_2
                0x00000068                __vector_15
                0x00000068                __vector_8
                0x00000068                __vector_14
                0x00000068                __vector_10
                0x00000068                __vector_16
                0x00000068                __vector_18
                0x00000068                __vector_20
 .text          0x0000006c        0x0 ./MCAL/Timer/TIMER_program.o
 .text          0x0000006c        0x0 ./MCAL/PORT/PORT_program.o
 .text          0x0000006c        0x0 ./MCAL/INTERRUPT/interrupt_program.o
 .text          0x0000006c        0x0 ./MCAL/GIE/GIE_programe.o
 .text          0x0000006c        0x0 ./MCAL/DIO/DIO_program.o
 .text          0x0000006c        0x0 ./HAL/LED/LED.o
 .text          0x0000006c        0x0 ./HAL/BUTTON/BUTTON.o
 .text          0x0000006c        0x0 ./APP/app.o
 .text          0x0000006c        0x0 ./main.o
 .text          0x0000006c        0x0 f:/embedded system/avr/programs/imt_sdk_win_64/winavr/bin/../lib/gcc/avr/4.3.3/avr5\libgcc.a(_exit.o)
                0x0000006c                . = ALIGN (0x2)
 *(.text.*)
 .text.TIMER0_voidInit
                0x0000006c       0x68 ./MCAL/Timer/TIMER_program.o
                0x0000006c                TIMER0_voidInit
 .text.Timer0_vDelayms
                0x000000d4       0x8a ./MCAL/Timer/TIMER_program.o
                0x000000d4                Timer0_vDelayms
 .text.PORT_voidInit
                0x0000015e       0x46 ./MCAL/PORT/PORT_program.o
                0x0000015e                PORT_voidInit
 .text.EXTI_voidINT0Init
                0x000001a4       0x38 ./MCAL/INTERRUPT/interrupt_program.o
                0x000001a4                EXTI_voidINT0Init
 .text.EXTI_voidINT1Init
                0x000001dc       0x38 ./MCAL/INTERRUPT/interrupt_program.o
                0x000001dc                EXTI_voidINT1Init
 .text.EXTI_voidINT2Init
                0x00000214       0x2a ./MCAL/INTERRUPT/interrupt_program.o
                0x00000214                EXTI_voidINT2Init
 .text.GIE_voidEnable
                0x0000023e       0x1c ./MCAL/GIE/GIE_programe.o
                0x0000023e                GIE_voidEnable
 .text.GIE_voidDisable
                0x0000025a       0x1c ./MCAL/GIE/GIE_programe.o
                0x0000025a                GIE_voidDisable
 .text.DIO_u8SetPinValue
                0x00000276      0x228 ./MCAL/DIO/DIO_program.o
                0x00000276                DIO_u8SetPinValue
 .text.DIO_u8TogglePinValue
                0x0000049e      0x118 ./MCAL/DIO/DIO_program.o
                0x0000049e                DIO_u8TogglePinValue
 .text.DIO_u8SetPortValue
                0x000005b6       0x92 ./MCAL/DIO/DIO_program.o
                0x000005b6                DIO_u8SetPortValue
 .text.DIO_u8GetPinValue
                0x00000648      0x130 ./MCAL/DIO/DIO_program.o
                0x00000648                DIO_u8GetPinValue
 .text.LED_Init
                0x00000778       0x12 ./HAL/LED/LED.o
                0x00000778                LED_Init
 .text.LED_voidON
                0x0000078a       0x22 ./HAL/LED/LED.o
                0x0000078a                LED_voidON
 .text.LED_voidOFF
                0x000007ac       0x22 ./HAL/LED/LED.o
                0x000007ac                LED_voidOFF
 .text.LED_voidTOGGLE
                0x000007ce       0x20 ./HAL/LED/LED.o
                0x000007ce                LED_voidTOGGLE
 .text.Button_Init
                0x000007ee       0x1a ./HAL/BUTTON/BUTTON.o
                0x000007ee                Button_Init
 .text.Button_GetState
                0x00000808       0x24 ./HAL/BUTTON/BUTTON.o
                0x00000808                Button_GetState
 .text.App_Start
                0x0000082c       0x1a ./APP/app.o
                0x0000082c                App_Start
 .text.__vector_1
                0x00000846      0x25e ./APP/app.o
                0x00000846                __vector_1
 .text.main     0x00000aa4       0x90 ./main.o
                0x00000aa4                main
 .text.libgcc   0x00000b34        0x0 f:/embedded system/avr/programs/imt_sdk_win_64/winavr/bin/../lib/gcc/avr/4.3.3/avr5\libgcc.a(_exit.o)
                0x00000b34                . = ALIGN (0x2)
 *(.fini9)
 .fini9         0x00000b34        0x0 f:/embedded system/avr/programs/imt_sdk_win_64/winavr/bin/../lib/gcc/avr/4.3.3/avr5\libgcc.a(_exit.o)
                0x00000b34                exit
                0x00000b34                _exit
 *(.fini9)
 *(.fini8)
 *(.fini8)
 *(.fini7)
 *(.fini7)
 *(.fini6)
 *(.fini6)
 *(.fini5)
 *(.fini5)
 *(.fini4)
 *(.fini4)
 *(.fini3)
 *(.fini3)
 *(.fini2)
 *(.fini2)
 *(.fini1)
 *(.fini1)
 *(.fini0)
 .fini0         0x00000b34        0x4 f:/embedded system/avr/programs/imt_sdk_win_64/winavr/bin/../lib/gcc/avr/4.3.3/avr5\libgcc.a(_exit.o)
 *(.fini0)
                0x00000b38                _etext = .

.data           0x00800060        0x0 load address 0x00000b38
                0x00800060                PROVIDE (__data_start, .)
 *(.data)
 .data          0x00800060        0x0 f:/embedded system/avr/programs/imt_sdk_win_64/winavr/bin/../lib/gcc/avr/4.3.3/../../../../avr/lib/avr5/crtm32.o
 .data          0x00800060        0x0 ./MCAL/Timer/TIMER_program.o
 .data          0x00800060        0x0 ./MCAL/PORT/PORT_program.o
 .data          0x00800060        0x0 ./MCAL/INTERRUPT/interrupt_program.o
 .data          0x00800060        0x0 ./MCAL/GIE/GIE_programe.o
 .data          0x00800060        0x0 ./MCAL/DIO/DIO_program.o
 .data          0x00800060        0x0 ./HAL/LED/LED.o
 .data          0x00800060        0x0 ./HAL/BUTTON/BUTTON.o
 .data          0x00800060        0x0 ./APP/app.o
 .data          0x00800060        0x0 ./main.o
 .data          0x00800060        0x0 f:/embedded system/avr/programs/imt_sdk_win_64/winavr/bin/../lib/gcc/avr/4.3.3/avr5\libgcc.a(_exit.o)
 *(.data*)
 *(.rodata)
 *(.rodata*)
 *(.gnu.linkonce.d*)
                0x00800060                . = ALIGN (0x2)
                0x00800060                _edata = .
                0x00800060                PROVIDE (__data_end, .)

.bss            0x00800060        0x0
                0x00800060                PROVIDE (__bss_start, .)
 *(.bss)
 .bss           0x00800060        0x0 f:/embedded system/avr/programs/imt_sdk_win_64/winavr/bin/../lib/gcc/avr/4.3.3/../../../../avr/lib/avr5/crtm32.o
 .bss           0x00800060        0x0 ./MCAL/Timer/TIMER_program.o
 .bss           0x00800060        0x0 ./MCAL/PORT/PORT_program.o
 .bss           0x00800060        0x0 ./MCAL/INTERRUPT/interrupt_program.o
 .bss           0x00800060        0x0 ./MCAL/GIE/GIE_programe.o
 .bss           0x00800060        0x0 ./MCAL/DIO/DIO_program.o
 .bss           0x00800060        0x0 ./HAL/LED/LED.o
 .bss           0x00800060        0x0 ./HAL/BUTTON/BUTTON.o
 .bss           0x00800060        0x0 ./APP/app.o
 .bss           0x00800060        0x0 ./main.o
 .bss           0x00800060        0x0 f:/embedded system/avr/programs/imt_sdk_win_64/winavr/bin/../lib/gcc/avr/4.3.3/avr5\libgcc.a(_exit.o)
 *(.bss*)
 *(COMMON)
                0x00800060                PROVIDE (__bss_end, .)
                0x00000b38                __data_load_start = LOADADDR (.data)
                0x00000b38                __data_load_end = (__data_load_start + SIZEOF (.data))

.noinit         0x00800060        0x0
                0x00800060                PROVIDE (__noinit_start, .)
 *(.noinit*)
                0x00800060                PROVIDE (__noinit_end, .)
                0x00800060                _end = .
                0x00800060                PROVIDE (__heap_start, .)

.eeprom         0x00810000        0x0
 *(.eeprom*)
                0x00810000                __eeprom_end = .

.fuse
 *(.fuse)
 *(.lfuse)
 *(.hfuse)
 *(.efuse)

.lock
 *(.lock*)

.signature
 *(.signature*)

.stab           0x00000000     0x1890
 *(.stab)
 .stab          0x00000000      0x258 ./MCAL/Timer/TIMER_program.o
 .stab          0x00000258      0x1d4 ./MCAL/PORT/PORT_program.o
                                0x1e0 (size before relaxing)
 .stab          0x0000042c      0x21c ./MCAL/INTERRUPT/interrupt_program.o
                                0x228 (size before relaxing)
 .stab          0x00000648      0x1b0 ./MCAL/GIE/GIE_programe.o
                                0x1bc (size before relaxing)
 .stab          0x000007f8      0x51c ./MCAL/DIO/DIO_program.o
                                0x528 (size before relaxing)
 .stab          0x00000d14      0x258 ./HAL/LED/LED.o
                                0x264 (size before relaxing)
 .stab          0x00000f6c      0x1f8 ./HAL/BUTTON/BUTTON.o
                                0x204 (size before relaxing)
 .stab          0x00001164      0x510 ./APP/app.o
                                0x51c (size before relaxing)
 .stab          0x00001674      0x21c ./main.o
                                0x2a0 (size before relaxing)

.stabstr        0x00000000      0x7e5
 *(.stabstr)
 .stabstr       0x00000000      0x7e5 ./MCAL/Timer/TIMER_program.o

.stab.excl
 *(.stab.excl)

.stab.exclstr
 *(.stab.exclstr)

.stab.index
 *(.stab.index)

.stab.indexstr
 *(.stab.indexstr)

.comment
 *(.comment)

.debug
 *(.debug)

.line
 *(.line)

.debug_srcinfo
 *(.debug_srcinfo)

.debug_sfnames
 *(.debug_sfnames)

.debug_aranges
 *(.debug_aranges)

.debug_pubnames
 *(.debug_pubnames)

.debug_info
 *(.debug_info)
 *(.gnu.linkonce.wi.*)

.debug_abbrev
 *(.debug_abbrev)

.debug_line
 *(.debug_line)

.debug_frame
 *(.debug_frame)

.debug_str
 *(.debug_str)

.debug_loc
 *(.debug_loc)

.debug_macinfo
 *(.debug_macinfo)
OUTPUT(Traffic_Lights.elf elf32-avr)
LOAD linker stubs
